warning: unused import: `BinaryState`
  --> src/adversarial_harness.rs:21:26
   |
21 | use crate::tlbss_types::{BinaryState, SubstrateNode};
   |                          ^^^^^^^^^^^
   |
   = note: `#[warn(unused_imports)]` (part of `#[warn(unused)]`) on by default

warning: unused import: `std::fs::OpenOptions`
  --> src/adversarial_harness.rs:22:5
   |
22 | use std::fs::OpenOptions;
   |     ^^^^^^^^^^^^^^^^^^^^

warning: unused import: `std::io::Write`
  --> src/adversarial_harness.rs:23:5
   |
23 | use std::io::Write;
   |     ^^^^^^^^^^^^^^

warning: unused imports: `FailureAxis` and `SystemHalt`
  --> src/setpoint_guard.rs:20:27
   |
20 | use crate::failure_axis::{FailureAxis, SystemHalt};
   |                           ^^^^^^^^^^^  ^^^^^^^^^^

warning: unused import: `std::sync::OnceLock`
  --> src/deployment_manifest.rs:29:5
   |
29 | use std::sync::OnceLock;
   |     ^^^^^^^^^^^^^^^^^^^

warning: unused import: `FailureAxis`
  --> src/hal_output.rs:20:27
   |
20 | use crate::failure_axis::{FailureAxis, SystemHalt};
   |                           ^^^^^^^^^^^

warning: unused import: `std::fs`
  --> src/hal_output.rs:21:5
   |
21 | use std::fs;
   |     ^^^^^^^

warning: unused import: `std::io::Write`
  --> src/hal_output.rs:22:5
   |
22 | use std::io::Write;
   |     ^^^^^^^^^^^^^^

warning: unused import: `FailureAxis`
  --> src/interface_discovery.rs:20:27
   |
20 | use crate::failure_axis::{FailureAxis, SystemHalt};
   |                           ^^^^^^^^^^^

warning: unused import: `Sha256`
  --> src/interface_discovery.rs:21:20
   |
21 | use sha2::{Digest, Sha256};
   |                    ^^^^^^

warning: unused import: `BTreeMap`
  --> src/interface_discovery.rs:22:24
   |
22 | use std::collections::{BTreeMap, BTreeSet};
   |                        ^^^^^^^^

warning: unused import: `std::fs`
  --> src/interface_discovery.rs:23:5
   |
23 | use std::fs;
   |     ^^^^^^^

warning: unused import: `std::io::Write`
  --> src/interface_discovery.rs:24:5
   |
24 | use std::io::Write;
   |     ^^^^^^^^^^^^^^

warning: unused import: `std::path::Path`
  --> src/interface_discovery.rs:25:5
   |
25 | use std::path::Path;
   |     ^^^^^^^^^^^^^^^

warning: unused import: `std::time::Instant`
  --> src/interface_discovery.rs:26:5
   |
26 | use std::time::Instant;
   |     ^^^^^^^^^^^^^^^^^^

warning: variant `ICCP_TASE2` should have an upper camel case name
  --> src/interface_discovery.rs:44:5
   |
44 |     ICCP_TASE2,
   |     ^^^^^^^^^^ help: convert the identifier to upper camel case: `IccpTase2`
   |
   = note: `#[warn(non_camel_case_types)]` (part of `#[warn(nonstandard_style)]`) on by default

warning: unused imports: `Signature`, `Verifier`, and `VerifyingKey`
  --> src/operator_interface.rs:23:21
   |
23 | use ed25519_dalek::{Signature, Verifier, VerifyingKey};
   |                     ^^^^^^^^^  ^^^^^^^^  ^^^^^^^^^^^^

warning: unused import: `Sha256`
  --> src/operator_interface.rs:24:20
   |
24 | use sha2::{Digest, Sha256};
   |                    ^^^^^^

warning: unused import: `PathBuf`
  --> src/operator_interface.rs:27:23
   |
27 | use std::path::{Path, PathBuf};
   |                       ^^^^^^^

warning: unused import: `std::process::Command`
  --> src/operator_interface.rs:28:5
   |
28 | use std::process::Command;
   |     ^^^^^^^^^^^^^^^^^^^^^

warning: unused import: `FailureAxis`
  --> src/protocol_drivers.rs:20:27
   |
20 | use crate::failure_axis::{FailureAxis, SystemHalt};
   |                           ^^^^^^^^^^^

warning: unused import: `std::collections::BTreeSet`
  --> src/protocol_drivers.rs:23:5
   |
23 | use std::collections::BTreeSet;
   |     ^^^^^^^^^^^^^^^^^^^^^^^^^^

warning: unused import: `crate::regulatory_policy::GovernanceMode`
  --> src/recovery.rs:29:5
   |
29 | use crate::regulatory_policy::GovernanceMode;
   |     ^^^^^^^^^^^^^^^^^^^^^^^^^^^^^^^^^^^^^^^^

warning: unused imports: `FailureAxis` and `SystemHalt`
  --> src/regulatory_policy.rs:20:27
   |
20 | use crate::failure_axis::{FailureAxis, SystemHalt};
   |                           ^^^^^^^^^^^  ^^^^^^^^^^

warning: unused import: `std::thread`
  --> src/simulation_harness_core.rs:21:5
   |
21 | use std::thread;
   |     ^^^^^^^^^^^

warning: unused import: `crate::tlbss_types::BinaryState`
  --> src/sovereign_kernel.rs:21:5
   |
21 | use crate::tlbss_types::BinaryState;
   |     ^^^^^^^^^^^^^^^^^^^^^^^^^^^^^^^

warning: unused import: `std::collections::VecDeque`
  --> src/sovereign_kernel.rs:23:5
   |
23 | use std::collections::VecDeque;
   |     ^^^^^^^^^^^^^^^^^^^^^^^^^^

warning: unused imports: `Context` and `Tcti`
  --> src/sovereign_kernel.rs:25:17
   |
25 | use tss_esapi::{Context, Tcti};
   |                 ^^^^^^^  ^^^^

warning: unused import: `self`
  --> src/sovereign_trace.rs:37:15
   |
37 | use std::fs::{self, OpenOptions};
   |               ^^^^

warning: unused import: `FailureAxis`
  --> src/tlbss_integrity_engine.rs:20:27
   |
20 | use crate::failure_axis::{FailureAxis, SystemHalt};
   |                           ^^^^^^^^^^^

warning: unused import: `crate::tlbss_types::SubstrateNode`
  --> src/tlbss_integrity_engine.rs:21:5
   |
21 | use crate::tlbss_types::SubstrateNode;
   |     ^^^^^^^^^^^^^^^^^^^^^^^^^^^^^^^^^

warning: unused import: `FailureAxis`
  --> src/crypto_pipeline.rs:25:27
   |
25 | use crate::failure_axis::{FailureAxis, SystemHalt};
   |                           ^^^^^^^^^^^

warning: unused import: `SovereignBus`
  --> src/crypto_pipeline.rs:26:28
   |
26 | use crate::sovereign_bus::{SovereignBus, SovereignMessag...
   |                            ^^^^^^^^^^^^

warning: unused import: `TraceRecord`
  --> src/crypto_pipeline.rs:27:54
   |
27 | ...utEnvelope, Hash256, TraceRecord, SovereignTraceLog};
   |                         ^^^^^^^^^^^

warning: unused import: `crate::ir_backends::LanguageBackend`
  --> src/crypto_pipeline.rs:30:5
   |
30 | use crate::ir_backends::LanguageBackend;
   |     ^^^^^^^^^^^^^^^^^^^^^^^^^^^^^^^^^^^

warning: unused import: `Digest`
  --> src/interface_discovery.rs:21:12
   |
21 | use sha2::{Digest, Sha256};
   |            ^^^^^^

warning: unused import: `Digest`
  --> src/operator_interface.rs:24:12
   |
24 | use sha2::{Digest, Sha256};
   |            ^^^^^^

warning: unused variable: `ramp_limit`
  --> src/setpoint_guard.rs:89:5
   |
89 |     ramp_limit: f64,
   |     ^^^^^^^^^^ help: if this is intentional, prefix it with an underscore: `_ramp_limit`
   |
   = note: `#[warn(unused_variables)]` (part of `#[warn(unused)]`) on by default

warning: unused variable: `last_valid`
  --> src/setpoint_guard.rs:90:5
   |
90 |     last_valid: f64,
   |     ^^^^^^^^^^ help: if this is intentional, prefix it with an underscore: `_last_valid`

warning: unused variable: `v_min`
   --> src/setpoint_guard.rs:103:5
    |
103 |     v_min: f64,
    |     ^^^^^ help: if this is intentional, prefix it with an underscore: `_v_min`

warning: unused variable: `v_max`
   --> src/setpoint_guard.rs:104:5
    |
104 |     v_max: f64,
    |     ^^^^^ help: if this is intentional, prefix it with an underscore: `_v_max`

warning: unused variable: `include_loopback`
   --> src/interface_discovery.rs:113:28
    |
113 | ...ork_interfaces(include_loopback: bool) -> Result<Vec...
    |                   ^^^^^^^^^^^^^^^^ help: if this is intentional, prefix it with an underscore: `_include_loopback`

warning: unused variable: `line`
   --> src/interface_discovery.rs:140:24
    |
140 | fn parse_proc_net_port(line: &str) -> Option<u16> {
    |                        ^^^^ help: if this is intentional, prefix it with an underscore: `_line`

warning: unused variable: `path`
   --> src/interface_discovery.rs:169:29
    |
169 | ...ad_interface_hints(path: &str) -> Result<Vec<Interfa...
    |                       ^^^^ help: if this is intentional, prefix it with an underscore: `_path`

warning: unused variable: `path`
   --> src/interface_discovery.rs:173:23
    |
173 | pub fn load_scl_hints(path: &str) -> Result<Vec<Interfa...
    |                       ^^^^ help: if this is intentional, prefix it with an underscore: `_path`

warning: unused variable: `line`
   --> src/interface_discovery.rs:177:17
    |
177 | fn extract_attr(line: &str, key: &str) -> Option<String> {
    |                 ^^^^ help: if this is intentional, prefix it with an underscore: `_line`

warning: unused variable: `key`
   --> src/interface_discovery.rs:177:29
    |
177 | fn extract_attr(line: &str, key: &str) -> Option<String> {
    |                             ^^^ help: if this is intentional, prefix it with an underscore: `_key`

warning: unused variable: `artifacts_dir`
   --> src/operator_interface.rs:112:36
    |
112 | ...y(query: &str, artifacts_dir: &str) -> Result<String...
    |                   ^^^^^^^^^^^^^ help: if this is intentional, prefix it with an underscore: `_artifacts_dir`

warning: unused variable: `config`
   --> src/regulatory_policy.rs:133:42
    |
133 | ...ugh_zone(freq: u8, config: &PolicyConfig) -> bool {
    |                       ^^^^^^ help: if this is intentional, prefix it with an underscore: `_config`

warning: unused variable: `i`
  --> src/simulation_harness_core.rs:49:9
   |
49 |     for i in 0..5 {
   |         ^ help: if this is intentional, prefix it with an underscore: `_i`

warning: unused variable: `b`
  --> src/simulation_harness_core.rs:52:13
   |
52 |         for b in 0..200 {
   |             ^ help: if this is intentional, prefix it with an underscore: `_b`

warning: unused variable: `t`
  --> src/simulation_harness_core.rs:85:13
   |
85 |     for (p, t) in required.iter().zip(std::iter::repeat(...
   |             ^ help: if this is intentional, prefix it with an underscore: `_t`

warning: unused variable: `input`
   --> src/sovereign_kernel.rs:199:9
    |
199 |         input: crate::ir_codegen::IRInput,
    |         ^^^^^ help: if this is intentional, prefix it with an underscore: `_input`

warning: unused variable: `register`
   --> src/tlbss_integrity_engine.rs:151:14
    |
151 | fn coherence(register: &VecDeque<u8>) -> f32 {
    |              ^^^^^^^^ help: if this is intentional, prefix it with an underscore: `_register`

warning: unused variable: `ir`
   --> src/universal_frontend.rs:113:42
    |
113 | ...nistic_constraints(ir: &mut IRModule) -> Result<(), ...
    |                       ^^ help: if this is intentional, prefix it with an underscore: `_ir`

warning: constant `MANIFEST_VERSION` is never used
  --> src/deployment_manifest.rs:32:7
   |
32 | const MANIFEST_VERSION: &str = "1.0.0-PROD";
   |       ^^^^^^^^^^^^^^^^
   |
   = note: `#[warn(dead_code)]` (part of `#[warn(unused)]`) on by default

warning: constant `MANIFEST_DATE` is never used
  --> src/deployment_manifest.rs:33:7
   |
33 | const MANIFEST_DATE: &str = "2026-03-02";
   |       ^^^^^^^^^^^^^

warning: fields `selected_interface` and `policy` are never read
  --> src/hal_output.rs:70:5
   |
69 | pub struct DeterministicOutputHal {
   |            ---------------------- fields in this struct
70 |     selected_interface: String,
   |     ^^^^^^^^^^^^^^^^^^
71 |     policy: OutputHalPolicy,
   |     ^^^^^^

warning: function `now_us` is never used
   --> src/hal_output.rs:113:4
    |
113 | fn now_us() -> Result<u64, SystemHalt> {
    |    ^^^^^^

warning: function `scan_serial_interfaces` is never used
   --> src/interface_discovery.rs:132:4
    |
132 | fn scan_serial_interfaces() -> Result<Vec<DiscoveredEnd...
    |    ^^^^^^^^^^^^^^^^^^^^^^

warning: function `parse_open_ports` is never used
   --> src/interface_discovery.rs:136:4
    |
136 | fn parse_open_ports() -> Result<BTreeSet<u16>, SystemHa...
    |    ^^^^^^^^^^^^^^^^

warning: function `parse_proc_net_port` is never used
   --> src/interface_discovery.rs:140:4
    |
140 | fn parse_proc_net_port(line: &str) -> Option<u16> {
    |    ^^^^^^^^^^^^^^^^^^^

warning: function `infer_network_protocol` is never used
   --> src/interface_discovery.rs:144:4
    |
144 | fn infer_network_protocol(open_ports: &BTreeSet<u16>) -...
    |    ^^^^^^^^^^^^^^^^^^^^^^

warning: function `extract_attr` is never used
   --> src/interface_discovery.rs:177:4
    |
177 | fn extract_attr(line: &str, key: &str) -> Option<String> {
    |    ^^^^^^^^^^^^

warning: field `config` is never read
   --> src/sovereign_kernel.rs:185:5
    |
184 | pub struct SovereignKernel {
    |            --------------- field in this struct
185 |     config: SovereignKernelConfig,
    |     ^^^^^^
    |
    = note: `SovereignKernel` has a derived impl for the trait `Debug`, but this is intentionally ignored during dead code analysis

warning: fields `config` and `plant_class` are never read
   --> src/tlbss_integrity_engine.rs:106:5
    |
105 | pub struct TlbssIntegrityEngine {
    |            -------------------- fields in this struct
106 |     config: TlbssConfig,
    |     ^^^^^^
107 |     plant_class: PlantClass,
    |     ^^^^^^^^^^^

warning: function `hist_push` is never used
   --> src/tlbss_integrity_engine.rs:146:4
    |
146 | fn hist_push(register: &mut VecDeque<u8>, v: u8) {
    |    ^^^^^^^^^

warning: function `coherence` is never used
   --> src/tlbss_integrity_engine.rs:151:4
    |
151 | fn coherence(register: &VecDeque<u8>) -> f32 {
    |    ^^^^^^^^^

warning: function `hamming` is never used
   --> src/tlbss_integrity_engine.rs:155:4
    |
155 | fn hamming(a: [u8; 3], b: [u8; 3]) -> u8 {
    |    ^^^^^^^

warning: comparison is useless due to type limits
   --> src/adversarial_harness.rs:107:8
    |
107 |     if node.stable_ticks > 255 {
    |        ^^^^^^^^^^^^^^^^^^^^^^^
    |
    = note: `#[warn(unused_comparisons)]` on by default

warning: `m_v_r_esprint1` (lib) generated 70 warnings (run `cargo fix --lib -p m_v_r_esprint1` to apply 52 suggestions)
   Compiling m_v_r_esprint1 v0.1.0 (/workspaces/M.V.R.ESPRINT1)
warning: unused import: `Ordering`
  --> src/bin/sovereign_runtime.rs:21:59
   |
21 | ...AtomicU32, AtomicU64, Ordering};
   |                          ^^^^^^^^
   |
   = note: `#[warn(unused_imports)]` (part of `#[warn(unused)]`) on by default

warning: unused imports: `Duration` and `Instant`
  --> src/bin/sovereign_runtime.rs:24:17
   |
24 | use std::time::{Duration, Instant};
   |                 ^^^^^^^^  ^^^^^^^

warning: unused import: `m_v_r_esprint1::audit_guardian::AuditGuardian`
  --> src/bin/sovereign_runtime.rs:26:5
   |
26 | use m_v_r_esprint1::audit_guardian::AuditGuardian;
   |     ^^^^^^^^^^^^^^^^^^^^^^^^^^^^^^^^^^^^^^^^^^^^^

warning: unused import: `m_v_r_esprint1::drivers::ptp_clock::PtpClock`
  --> src/bin/sovereign_runtime.rs:27:5
   |
27 | use m_v_r_esprint1::drivers::ptp_clock::PtpClock;
   |     ^^^^^^^^^^^^^^^^^^^^^^^^^^^^^^^^^^^^^^^^^^^^

warning: unused imports: `DeterministicOutputHal` and `OutputCommand`
  --> src/bin/sovereign_runtime.rs:28:34
   |
28 | ...utput::{DeterministicOutputHal, OutputCommand};
   |            ^^^^^^^^^^^^^^^^^^^^^^  ^^^^^^^^^^^^^

warning: unused import: `m_v_r_esprint1::regulatory_policy::GovernanceMode`
  --> src/bin/sovereign_runtime.rs:30:5
   |
30 | use m_v_r_esprint1::regulatory_policy::GovernanceMode;
   |     ^^^^^^^^^^^^^^^^^^^^^^^^^^^^^^^^^^^^^^^^^^^^^^^^^

warning: unused import: `L7Disposition`
  --> src/bin/sovereign_runtime.rs:33:22
   |
33 |     signer_from_env, L7Disposition, SovereignKernel, Sov...
   |                      ^^^^^^^^^^^^^

warning: unused import: `m_v_r_esprint1::sovereign_trace::streamer::TraceStreamer`
  --> src/bin/sovereign_runtime.rs:35:5
   |
35 | use m_v_r_esprint1::sovereign_trace::streamer::TraceStreamer;
   |     ^^^^^^^^^^^^^^^^^^^^^^^^^^^^^^^^^^^^^^^^^^^^^^^^^^^^^^^^

warning: unused imports: `SovereignTrace` and `append_critical_fault_event`
  --> src/bin/sovereign_runtime.rs:36:39
   |
36 | ...ce::{append_critical_fault_event, SovereignTrace};
   |         ^^^^^^^^^^^^^^^^^^^^^^^^^^^  ^^^^^^^^^^^^^^

warning: unused import: `m_v_r_esprint1::sp_api::admissibility::GlobalAdmissibilityMatrix`
  --> src/bin/sovereign_runtime.rs:37:5
   |
37 | use m_v_r_esprint1::sp_api::admissibility::GlobalAdmissibilityMatrix;
   |     ^^^^^^^^^^^^^^^^^^^^^^^^^^^^^^^^^^^^^^^^^^^^^^^^^^^^^^^^^^^^^^^^

warning: unused import: `m_v_r_esprint1::sp_api::resonance::ResonanceStore`
  --> src/bin/sovereign_runtime.rs:38:5
   |
38 | use m_v_r_esprint1::sp_api::resonance::ResonanceStore;
   |     ^^^^^^^^^^^^^^^^^^^^^^^^^^^^^^^^^^^^^^^^^^^^^^^^^

warning: unused import: `m_v_r_esprint1::sp_api::transition::TransitionBroadcaster`
  --> src/bin/sovereign_runtime.rs:39:5
   |
39 | use m_v_r_esprint1::sp_api::transition::TransitionBroadcaster;
   |     ^^^^^^^^^^^^^^^^^^^^^^^^^^^^^^^^^^^^^^^^^^^^^^^^^^^^^^^^^

warning: unused imports: `PlantClass`, `TlbssConfig`, and `TlbssIntegrityEngine`
  --> src/bin/sovereign_runtime.rs:41:5
   |
41 |     PlantClass, TlbssConfig, TlbssIntegrityEngine, TriEn...
   |     ^^^^^^^^^^  ^^^^^^^^^^^  ^^^^^^^^^^^^^^^^^^^^

warning: unused import: `m_v_r_esprint1::visions_core::VisionsCore`
  --> src/bin/sovereign_runtime.rs:43:5
   |
43 | use m_v_r_esprint1::visions_core::VisionsCore;
   |     ^^^^^^^^^^^^^^^^^^^^^^^^^^^^^^^^^^^^^^^^^

warning: unused variable: `role`
   --> src/bin/sovereign_runtime.rs:131:59
    |
131 | ...quested_id: usize, role: &str) -> CoreId {
    |                       ^^^^ help: if this is intentional, prefix it with an underscore: `_role`
    |
    = note: `#[warn(unused_variables)]` (part of `#[warn(unused)]`) on by default

warning: unused variable: `core`
   --> src/bin/sovereign_runtime.rs:132:17
    |
132 |     if let Some(core) = core_ids.iter().find(|c| c.id =...
    |                 ^^^^ help: if this is intentional, prefix it with an underscore: `_core`

warning: unused variable: `available`
   --> src/bin/sovereign_runtime.rs:134:9
    |
134 |     let available = core_ids
    |         ^^^^^^^^^ help: if this is intentional, prefix it with an underscore: `_available`

warning: unused variable: `shared`
   --> src/bin/sovereign_runtime.rs:145:18
    |
145 | fn spawn_sidecar(shared: Arc<SidecarSharedState>, sidec...
    |                  ^^^^^^ help: if this is intentional, prefix it with an underscore: `_shared`

warning: unused variable: `sidecar_core`
   --> src/bin/sovereign_runtime.rs:145:51
    |
145 | ...rSharedState>, sidecar_core: CoreId) -> thread::Join...
    |                   ^^^^^^^^^^^^ help: if this is intentional, prefix it with an underscore: `_sidecar_core`

warning: variable does not need to be mutable
   --> src/bin/sovereign_runtime.rs:184:9
    |
184 |     let mut kernel = SovereignKernel::new(signer, config);
    |         ----^^^^^^
    |         |
    |         help: remove this `mut`
    |
    = note: `#[warn(unused_mut)]` (part of `#[warn(unused)]`) on by default

warning: variable does not need to be mutable
   --> src/bin/sovereign_runtime.rs:185:9
    |
185 |     let mut scheduler = TriEntityScheduler::new();
    |         ----^^^^^^^^^
    |         |
    |         help: remove this `mut`

warning: unused variable: `sidecar_timeout_ticks`
   --> src/bin/sovereign_runtime.rs:172:9
    |
172 |     let sidecar_timeout_ticks = env_u64("MVRE_SIDECAR_H...
    |         ^^^^^^^^^^^^^^^^^^^^^ help: if this is intentional, prefix it with an underscore: `_sidecar_timeout_ticks`

warning: unused variable: `sidecar_core`
   --> src/bin/sovereign_runtime.rs:179:9
    |
179 |     let sidecar_core = resolve_core(&core_ids, sp_api_c...
    |         ^^^^^^^^^^^^ help: if this is intentional, prefix it with an underscore: `_sidecar_core`

warning: unused variable: `kernel`
   --> src/bin/sovereign_runtime.rs:184:9
    |
184 |     let mut kernel = SovereignKernel::new(signer, config);
    |         ^^^^^^^^^^ help: if this is intentional, prefix it with an underscore: `_kernel`

warning: unused variable: `scheduler`
   --> src/bin/sovereign_runtime.rs:185:9
    |
185 |     let mut scheduler = TriEntityScheduler::new();
    |         ^^^^^^^^^^^^^ help: if this is intentional, prefix it with an underscore: `_scheduler`

warning: unused variable: `tlbss_initial`
   --> src/bin/sovereign_runtime.rs:186:9
    |
186 |     let tlbss_initial = match TriEntityState::new(0, 0,...
    |         ^^^^^^^^^^^^^ help: if this is intentional, prefix it with an underscore: `_tlbss_initial`

warning: struct `SidecarSharedState` is never constructed
   --> src/bin/sovereign_runtime.rs:105:8
    |
105 | struct SidecarSharedState {
    |        ^^^^^^^^^^^^^^^^^^
    |
    = note: `#[warn(dead_code)]` (part of `#[warn(unused)]`) on by default

warning: function `spawn_sidecar` is never used
   --> src/bin/sovereign_runtime.rs:145:4
    |
145 | fn spawn_sidecar(shared: Arc<SidecarSharedState>, sidec...
    |    ^^^^^^^^^^^^^

warning: `m_v_r_esprint1` (bin "sovereign_runtime") generated 28 warnings (run `cargo fix --bin "sovereign_runtime" -p m_v_r_esprint1` to apply 26 suggestions)
error: invalid format string: expected `}`, found `\'`
   --> tests/adversarial_validation.rs:148:56
    |
148 | ...   CI BUILD GATE: {'PASS ✅' if self.passed_tests == self.total_test...
    |                      -^ expected `}` in format string
    |                      |
    |                      because of this opening brace
    |
    = note: if you intended to print `{`, you can escape it using `{{`

warning: unused import: `Duration`
  --> tests/adversarial_validation.rs:13:17
   |
13 | use std::time::{Duration, Instant};
   |                 ^^^^^^^^
   |
   = note: `#[warn(unused_imports)]` (part of `#[warn(unused)]`) on by default

warning: unused variable: `audit_result`
   --> tests/adversarial_validation.rs:488:9
    |
488 |     let audit_result = audit.evaluate(&trace);
    |         ^^^^^^^^^^^^ help: if this is intentional, prefix it with an underscore: `_audit_result`
    |
    = note: `#[warn(unused_variables)]` (part of `#[warn(unused)]`) on by default

warning: `m_v_r_esprint1` (test "adversarial_validation") generated 2 warnings
error: could not compile `m_v_r_esprint1` (test "adversarial_validation") due to 1 previous error; 2 warnings emitted
warning: build failed, waiting for other jobs to finish...
